assembly,ancestor,size_assembly,size_ancestor,difference,percent_change
Ara+1_10000gen_4530A_truncated,Anc-_0gen_REL606_truncated,59940,59940,0,0.0
Anc-_0gen_REL606_truncated,Anc-_0gen_REL606_truncated,59940,59940,0,0.0
