clone,total_inversions,across_ori,across_dif,total_inter_replichore,total_intra_replichore
Anc-_0gen_REL606_truncated,0,0,0,0,0
Ara+1_10000gen_4530A_truncated,0,0,0,0,0
