seqID,family,cluster,isBegin,isEnd,isLen,ncopy4is,start1,end1,start2,end2,score,irId,irLen,nGaps,orfBegin,orfEnd,strand,orfLen,E-value,E-value4copy,type,ov,tir
genome,IS4,IS4_169,15373,16741,1369,1,15373,15410,16704,16741,60,34,38,0,15443,16555,+,1113,5.4e-262,5.4e-262,c,1,GGCGGGGATCACTCCCATAAGCGCTAACTTAAGGGTTG:GGCGGGGAGTGATCCCATAAGCGCTAACTTAAGGGTTG
genome,IS1,IS1_316,23291,24058,768,1,23291,23313,24036,24058,26,18,23,0,23346,24043,+,698,3.9e-99,3.9e-99,c,1,GGTGATGCTGCCAACTTACTGAT:GGTAATGACTCCAACTTATTGAT
