genome	1	58531	-	-	genome	1	59940	SYN1	-	SYN	-
genome	58532	59940	-	-	genome	0	0	DEL	-	DEL	-
