genome	1	58533	-	-	genome	1	59943	SYN1	-	SYN	-
genome	58534	59942	-	-	genome	0	0	DEL	-	DEL	-
